     1 00000000                                 [FORMAT "WCOFF"]
     2 00000000                                 [INSTRSET "i486p"]
     3 00000000                                 [OPTIMIZE 1]
     4 00000000                                 [OPTION 1]
     5 00000000                                 [BITS 32]
     6 00000000                                 	EXTERN	_table_rgb.0
     7 00000000                                 	EXTERN	_io_load_eflags
     8 00000000                                 	EXTERN	_io_cli
     9 00000000                                 	EXTERN	_io_out8
    10 00000000                                 	EXTERN	_io_store_eflags
    11 00000000                                 	EXTERN	_task_now
    12 00000000                                 	EXTERN	_hankaku
    13 00000000                                 [FILE "graphic.c"]
    14                                          [SECTION .data]
    15 00000000                                 _table_rgb.0:
    16 00000000 00                              	DB	0
    17 00000001 00                              	DB	0
    18 00000002 00                              	DB	0
    19 00000003 FF                              	DB	-1
    20 00000004 00                              	DB	0
    21 00000005 00                              	DB	0
    22 00000006 00                              	DB	0
    23 00000007 FF                              	DB	-1
    24 00000008 00                              	DB	0
    25 00000009 FF                              	DB	-1
    26 0000000A FF                              	DB	-1
    27 0000000B 00                              	DB	0
    28 0000000C 00                              	DB	0
    29 0000000D 00                              	DB	0
    30 0000000E FF                              	DB	-1
    31 0000000F FF                              	DB	-1
    32 00000010 00                              	DB	0
    33 00000011 FF                              	DB	-1
    34 00000012 00                              	DB	0
    35 00000013 FF                              	DB	-1
    36 00000014 FF                              	DB	-1
    37 00000015 FF                              	DB	-1
    38 00000016 FF                              	DB	-1
    39 00000017 FF                              	DB	-1
    40 00000018 C6                              	DB	-58
    41 00000019 C6                              	DB	-58
    42 0000001A C6                              	DB	-58
    43 0000001B 84                              	DB	-124
    44 0000001C 00                              	DB	0
    45 0000001D 00                              	DB	0
    46 0000001E 00                              	DB	0
    47 0000001F 84                              	DB	-124
    48 00000020 00                              	DB	0
    49 00000021 84                              	DB	-124
    50 00000022 84                              	DB	-124
    51 00000023 00                              	DB	0
    52 00000024 00                              	DB	0
    53 00000025 00                              	DB	0
    54 00000026 84                              	DB	-124
    55 00000027 84                              	DB	-124
    56 00000028 00                              	DB	0
    57 00000029 84                              	DB	-124
    58 0000002A 00                              	DB	0
    59 0000002B 84                              	DB	-124
    60 0000002C 84                              	DB	-124
    61 0000002D 84                              	DB	-124
    62 0000002E 84                              	DB	-124
    63 0000002F 84                              	DB	-124
    64                                          [SECTION .text]
    65 00000000                                 	GLOBAL	_init_palette
    66 00000000                                 _init_palette:
    67 00000000 55                              	PUSH	EBP
    68 00000001 89 E5                           	MOV	EBP,ESP
    69 00000003 57                              	PUSH	EDI
    70 00000004 56                              	PUSH	ESI
    71 00000005 53                              	PUSH	EBX
    72 00000006 81 EC 000002A4                  	SUB	ESP,676
    73 0000000C 68 [00000000]                   	PUSH	_table_rgb.0
    74 00000011 6A 0F                           	PUSH	15
    75 00000013 6A 00                           	PUSH	0
    76 00000015 E8 000000B4                     	CALL	_set_palette
    77 0000001A 83 C4 0C                        	ADD	ESP,12
    78 0000001D C7 85 FFFFFD60 00000000         	MOV	DWORD [-672+EBP],0
    79 00000027 C7 85 FFFFFD5C 00000000         	MOV	DWORD [-676+EBP],0
    80 00000031 C7 85 FFFFFD58 00000000         	MOV	DWORD [-680+EBP],0
    81 0000003B                                 L16:
    82 0000003B 31 FF                           	XOR	EDI,EDI
    83 0000003D 31 F6                           	XOR	ESI,ESI
    84 0000003F 31 DB                           	XOR	EBX,EBX
    85 00000041                                 L15:
    86 00000041 31 D2                           	XOR	EDX,EDX
    87 00000043 C7 85 FFFFFD50 00000000         	MOV	DWORD [-688+EBP],0
    88 0000004D                                 L14:
    89 0000004D 8B 85 FFFFFD58                  	MOV	EAX,DWORD [-680+EBP]
    90 00000053 8A 8D FFFFFD50                  	MOV	CL,BYTE [-688+EBP]
    91 00000059 01 D8                           	ADD	EAX,EBX
    92 0000005B 01 D0                           	ADD	EAX,EDX
    93 0000005D 42                              	INC	EDX
    94 0000005E 6B C0 03                        	IMUL	EAX,EAX,3
    95 00000061 88 8C 05 FFFFFD64               	MOV	BYTE [-668+EBP+EAX*1],CL
    96 00000068 89 F1                           	MOV	ECX,ESI
    97 0000006A 88 8C 05 FFFFFD65               	MOV	BYTE [-667+EBP+EAX*1],CL
    98 00000071 8A 8D FFFFFD5C                  	MOV	CL,BYTE [-676+EBP]
    99 00000077 88 8C 05 FFFFFD66               	MOV	BYTE [-666+EBP+EAX*1],CL
   100 0000007E 83 85 FFFFFD50 33               	ADD	DWORD [-688+EBP],51
   101 00000085 83 FA 05                        	CMP	EDX,5
   102 00000088 7E C3                           	JLE	L14
   103 0000008A 47                              	INC	EDI
   104 0000008B 83 C6 33                        	ADD	ESI,51
   105 0000008E 83 C3 06                        	ADD	EBX,6
   106 00000091 83 FF 05                        	CMP	EDI,5
   107 00000094 7E AB                           	JLE	L15
   108 00000096 FF 85 FFFFFD60                  	INC	DWORD [-672+EBP]
   109 0000009C 83 85 FFFFFD5C 33               	ADD	DWORD [-676+EBP],51
   110 000000A3 83 85 FFFFFD58 24               	ADD	DWORD [-680+EBP],36
   111 000000AA 83 BD FFFFFD60 05               	CMP	DWORD [-672+EBP],5
   112 000000B1 7E 88                           	JLE	L16
   113 000000B3 8D 85 FFFFFD64                  	LEA	EAX,DWORD [-668+EBP]
   114 000000B9 50                              	PUSH	EAX
   115 000000BA 68 000000E7                     	PUSH	231
   116 000000BF 6A 10                           	PUSH	16
   117 000000C1 E8 00000008                     	CALL	_set_palette
   118 000000C6 8D 65 F4                        	LEA	ESP,DWORD [-12+EBP]
   119 000000C9 5B                              	POP	EBX
   120 000000CA 5E                              	POP	ESI
   121 000000CB 5F                              	POP	EDI
   122 000000CC 5D                              	POP	EBP
   123 000000CD C3                              	RET
   124 000000CE                                 	GLOBAL	_set_palette
   125 000000CE                                 _set_palette:
   126 000000CE 55                              	PUSH	EBP
   127 000000CF 89 E5                           	MOV	EBP,ESP
   128 000000D1 57                              	PUSH	EDI
   129 000000D2 56                              	PUSH	ESI
   130 000000D3 53                              	PUSH	EBX
   131 000000D4 51                              	PUSH	ECX
   132 000000D5 8B 5D 08                        	MOV	EBX,DWORD [8+EBP]
   133 000000D8 8B 7D 0C                        	MOV	EDI,DWORD [12+EBP]
   134 000000DB 8B 75 10                        	MOV	ESI,DWORD [16+EBP]
   135 000000DE E8 [00000000]                   	CALL	_io_load_eflags
   136 000000E3 89 45 F0                        	MOV	DWORD [-16+EBP],EAX
   137 000000E6 E8 [00000000]                   	CALL	_io_cli
   138 000000EB 53                              	PUSH	EBX
   139 000000EC 68 000003C8                     	PUSH	968
   140 000000F1 E8 [00000000]                   	CALL	_io_out8
   141 000000F6 39 FB                           	CMP	EBX,EDI
   142 000000F8 58                              	POP	EAX
   143 000000F9 5A                              	POP	EDX
   144 000000FA 7E 12                           	JLE	L28
   145 000000FC                                 L30:
   146 000000FC 8B 45 F0                        	MOV	EAX,DWORD [-16+EBP]
   147 000000FF 89 45 08                        	MOV	DWORD [8+EBP],EAX
   148 00000102 8D 65 F4                        	LEA	ESP,DWORD [-12+EBP]
   149 00000105 5B                              	POP	EBX
   150 00000106 5E                              	POP	ESI
   151 00000107 5F                              	POP	EDI
   152 00000108 5D                              	POP	EBP
   153 00000109 E9 [00000000]                   	JMP	_io_store_eflags
   154 0000010E                                 L28:
   155 0000010E 8A 06                           	MOV	AL,BYTE [ESI]
   156 00000110 43                              	INC	EBX
   157 00000111 C0 E8 02                        	SHR	AL,2
   158 00000114 0F B6 C0                        	MOVZX	EAX,AL
   159 00000117 50                              	PUSH	EAX
   160 00000118 68 000003C9                     	PUSH	969
   161 0000011D E8 [00000000]                   	CALL	_io_out8
   162 00000122 8A 46 01                        	MOV	AL,BYTE [1+ESI]
   163 00000125 C0 E8 02                        	SHR	AL,2
   164 00000128 0F B6 C0                        	MOVZX	EAX,AL
   165 0000012B 50                              	PUSH	EAX
   166 0000012C 68 000003C9                     	PUSH	969
   167 00000131 E8 [00000000]                   	CALL	_io_out8
   168 00000136 8A 46 02                        	MOV	AL,BYTE [2+ESI]
   169 00000139 C0 E8 02                        	SHR	AL,2
   170 0000013C 83 C6 03                        	ADD	ESI,3
   171 0000013F 0F B6 C0                        	MOVZX	EAX,AL
   172 00000142 50                              	PUSH	EAX
   173 00000143 68 000003C9                     	PUSH	969
   174 00000148 E8 [00000000]                   	CALL	_io_out8
   175 0000014D 83 C4 18                        	ADD	ESP,24
   176 00000150 39 FB                           	CMP	EBX,EDI
   177 00000152 7E BA                           	JLE	L28
   178 00000154 EB A6                           	JMP	L30
   179 00000156                                 	GLOBAL	_boxfill8
   180 00000156                                 _boxfill8:
   181 00000156 55                              	PUSH	EBP
   182 00000157 89 E5                           	MOV	EBP,ESP
   183 00000159 57                              	PUSH	EDI
   184 0000015A 56                              	PUSH	ESI
   185 0000015B 53                              	PUSH	EBX
   186 0000015C 57                              	PUSH	EDI
   187 0000015D 57                              	PUSH	EDI
   188 0000015E 8A 45 10                        	MOV	AL,BYTE [16+EBP]
   189 00000161 8B 4D 18                        	MOV	ECX,DWORD [24+EBP]
   190 00000164 8B 7D 1C                        	MOV	EDI,DWORD [28+EBP]
   191 00000167 88 45 F3                        	MOV	BYTE [-13+EBP],AL
   192 0000016A 3B 4D 20                        	CMP	ECX,DWORD [32+EBP]
   193 0000016D 7F 31                           	JG	L43
   194 0000016F 8B 5D 0C                        	MOV	EBX,DWORD [12+EBP]
   195 00000172 0F AF D9                        	IMUL	EBX,ECX
   196 00000175                                 L41:
   197 00000175 8B 55 14                        	MOV	EDX,DWORD [20+EBP]
   198 00000178 39 FA                           	CMP	EDX,EDI
   199 0000017A 7F 1B                           	JG	L45
   200 0000017C 8B 75 08                        	MOV	ESI,DWORD [8+EBP]
   201 0000017F 01 DE                           	ADD	ESI,EBX
   202 00000181 01 D6                           	ADD	ESI,EDX
   203 00000183 89 75 EC                        	MOV	DWORD [-20+EBP],ESI
   204 00000186                                 L40:
   205 00000186 8B 75 EC                        	MOV	ESI,DWORD [-20+EBP]
   206 00000189 8A 45 F3                        	MOV	AL,BYTE [-13+EBP]
   207 0000018C 42                              	INC	EDX
   208 0000018D 88 06                           	MOV	BYTE [ESI],AL
   209 0000018F 46                              	INC	ESI
   210 00000190 89 75 EC                        	MOV	DWORD [-20+EBP],ESI
   211 00000193 39 FA                           	CMP	EDX,EDI
   212 00000195 7E EF                           	JLE	L40
   213 00000197                                 L45:
   214 00000197 41                              	INC	ECX
   215 00000198 03 5D 0C                        	ADD	EBX,DWORD [12+EBP]
   216 0000019B 3B 4D 20                        	CMP	ECX,DWORD [32+EBP]
   217 0000019E 7E D5                           	JLE	L41
   218 000001A0                                 L43:
   219 000001A0 5B                              	POP	EBX
   220 000001A1 5E                              	POP	ESI
   221 000001A2 5B                              	POP	EBX
   222 000001A3 5E                              	POP	ESI
   223 000001A4 5F                              	POP	EDI
   224 000001A5 5D                              	POP	EBP
   225 000001A6 C3                              	RET
   226                                          [SECTION .data]
   227 00000030                                 LC0:
   228 00000030 6F 70 65 6E 20 63 6F 6E 73 6F   	DB	"open console",0x00
       0000003A 6C 65 00 
   229                                          [SECTION .text]
   230 000001A7                                 	GLOBAL	_init_screen8
   231 000001A7                                 _init_screen8:
   232 000001A7 55                              	PUSH	EBP
   233 000001A8 89 E5                           	MOV	EBP,ESP
   234 000001AA 57                              	PUSH	EDI
   235 000001AB 56                              	PUSH	ESI
   236 000001AC 53                              	PUSH	EBX
   237 000001AD 83 EC 0C                        	SUB	ESP,12
   238 000001B0 8B 45 10                        	MOV	EAX,DWORD [16+EBP]
   239 000001B3 8B 7D 0C                        	MOV	EDI,DWORD [12+EBP]
   240 000001B6 83 E8 1D                        	SUB	EAX,29
   241 000001B9 4F                              	DEC	EDI
   242 000001BA 50                              	PUSH	EAX
   243 000001BB 57                              	PUSH	EDI
   244 000001BC 6A 00                           	PUSH	0
   245 000001BE 6A 00                           	PUSH	0
   246 000001C0 6A 0E                           	PUSH	14
   247 000001C2 FF 75 0C                        	PUSH	DWORD [12+EBP]
   248 000001C5 FF 75 08                        	PUSH	DWORD [8+EBP]
   249 000001C8 E8 FFFFFF89                     	CALL	_boxfill8
   250 000001CD 8B 45 10                        	MOV	EAX,DWORD [16+EBP]
   251 000001D0 83 E8 1C                        	SUB	EAX,28
   252 000001D3 50                              	PUSH	EAX
   253 000001D4 57                              	PUSH	EDI
   254 000001D5 50                              	PUSH	EAX
   255 000001D6 6A 00                           	PUSH	0
   256 000001D8 6A 08                           	PUSH	8
   257 000001DA FF 75 0C                        	PUSH	DWORD [12+EBP]
   258 000001DD FF 75 08                        	PUSH	DWORD [8+EBP]
   259 000001E0 E8 FFFFFF71                     	CALL	_boxfill8
   260 000001E5 8B 45 10                        	MOV	EAX,DWORD [16+EBP]
   261 000001E8 83 C4 38                        	ADD	ESP,56
   262 000001EB 83 E8 1B                        	SUB	EAX,27
   263 000001EE 50                              	PUSH	EAX
   264 000001EF 57                              	PUSH	EDI
   265 000001F0 50                              	PUSH	EAX
   266 000001F1 6A 00                           	PUSH	0
   267 000001F3 6A 07                           	PUSH	7
   268 000001F5 FF 75 0C                        	PUSH	DWORD [12+EBP]
   269 000001F8 FF 75 08                        	PUSH	DWORD [8+EBP]
   270 000001FB E8 FFFFFF56                     	CALL	_boxfill8
   271 00000200 8B 45 10                        	MOV	EAX,DWORD [16+EBP]
   272 00000203 48                              	DEC	EAX
   273 00000204 50                              	PUSH	EAX
   274 00000205 8B 45 10                        	MOV	EAX,DWORD [16+EBP]
   275 00000208 57                              	PUSH	EDI
   276 00000209 83 E8 1A                        	SUB	EAX,26
   277 0000020C 50                              	PUSH	EAX
   278 0000020D 6A 00                           	PUSH	0
   279 0000020F 6A 08                           	PUSH	8
   280 00000211 FF 75 0C                        	PUSH	DWORD [12+EBP]
   281 00000214 FF 75 08                        	PUSH	DWORD [8+EBP]
   282 00000217 E8 FFFFFF3A                     	CALL	_boxfill8
   283 0000021C 8B 75 10                        	MOV	ESI,DWORD [16+EBP]
   284 0000021F 83 C4 38                        	ADD	ESP,56
   285 00000222 83 EE 18                        	SUB	ESI,24
   286 00000225 56                              	PUSH	ESI
   287 00000226 6A 3B                           	PUSH	59
   288 00000228 56                              	PUSH	ESI
   289 00000229 6A 03                           	PUSH	3
   290 0000022B 6A 07                           	PUSH	7
   291 0000022D FF 75 0C                        	PUSH	DWORD [12+EBP]
   292 00000230 FF 75 08                        	PUSH	DWORD [8+EBP]
   293 00000233 E8 FFFFFF1E                     	CALL	_boxfill8
   294 00000238 8B 45 10                        	MOV	EAX,DWORD [16+EBP]
   295 0000023B 83 E8 04                        	SUB	EAX,4
   296 0000023E 50                              	PUSH	EAX
   297 0000023F 89 45 F0                        	MOV	DWORD [-16+EBP],EAX
   298 00000242 6A 02                           	PUSH	2
   299 00000244 56                              	PUSH	ESI
   300 00000245 6A 02                           	PUSH	2
   301 00000247 6A 07                           	PUSH	7
   302 00000249 FF 75 0C                        	PUSH	DWORD [12+EBP]
   303 0000024C FF 75 08                        	PUSH	DWORD [8+EBP]
   304 0000024F E8 FFFFFF02                     	CALL	_boxfill8
   305 00000254 83 C4 38                        	ADD	ESP,56
   306 00000257 FF 75 F0                        	PUSH	DWORD [-16+EBP]
   307 0000025A 6A 3B                           	PUSH	59
   308 0000025C FF 75 F0                        	PUSH	DWORD [-16+EBP]
   309 0000025F 6A 03                           	PUSH	3
   310 00000261 6A 0F                           	PUSH	15
   311 00000263 FF 75 0C                        	PUSH	DWORD [12+EBP]
   312 00000266 FF 75 08                        	PUSH	DWORD [8+EBP]
   313 00000269 E8 FFFFFEE8                     	CALL	_boxfill8
   314 0000026E 8B 45 10                        	MOV	EAX,DWORD [16+EBP]
   315 00000271 83 E8 05                        	SUB	EAX,5
   316 00000274 50                              	PUSH	EAX
   317 00000275 8B 45 10                        	MOV	EAX,DWORD [16+EBP]
   318 00000278 6A 3B                           	PUSH	59
   319 0000027A 83 E8 17                        	SUB	EAX,23
   320 0000027D 50                              	PUSH	EAX
   321 0000027E 89 45 EC                        	MOV	DWORD [-20+EBP],EAX
   322 00000281 6A 3B                           	PUSH	59
   323 00000283 6A 0F                           	PUSH	15
   324 00000285 FF 75 0C                        	PUSH	DWORD [12+EBP]
   325 00000288 FF 75 08                        	PUSH	DWORD [8+EBP]
   326 0000028B E8 FFFFFEC6                     	CALL	_boxfill8
   327 00000290 8B 45 10                        	MOV	EAX,DWORD [16+EBP]
   328 00000293 83 C4 38                        	ADD	ESP,56
   329 00000296 83 E8 03                        	SUB	EAX,3
   330 00000299 89 45 E8                        	MOV	DWORD [-24+EBP],EAX
   331 0000029C 50                              	PUSH	EAX
   332 0000029D 6A 3B                           	PUSH	59
   333 0000029F 50                              	PUSH	EAX
   334 000002A0 6A 02                           	PUSH	2
   335 000002A2 6A 00                           	PUSH	0
   336 000002A4 FF 75 0C                        	PUSH	DWORD [12+EBP]
   337 000002A7 FF 75 08                        	PUSH	DWORD [8+EBP]
   338 000002AA E8 FFFFFEA7                     	CALL	_boxfill8
   339 000002AF FF 75 E8                        	PUSH	DWORD [-24+EBP]
   340 000002B2 6A 3C                           	PUSH	60
   341 000002B4 56                              	PUSH	ESI
   342 000002B5 6A 3C                           	PUSH	60
   343 000002B7 6A 00                           	PUSH	0
   344 000002B9 FF 75 0C                        	PUSH	DWORD [12+EBP]
   345 000002BC FF 75 08                        	PUSH	DWORD [8+EBP]
   346 000002BF E8 FFFFFE92                     	CALL	_boxfill8
   347 000002C4 8B 7D 0C                        	MOV	EDI,DWORD [12+EBP]
   348 000002C7 83 C4 38                        	ADD	ESP,56
   349 000002CA 8B 5D 0C                        	MOV	EBX,DWORD [12+EBP]
   350 000002CD 83 EB 04                        	SUB	EBX,4
   351 000002D0 83 EF 2F                        	SUB	EDI,47
   352 000002D3 56                              	PUSH	ESI
   353 000002D4 53                              	PUSH	EBX
   354 000002D5 56                              	PUSH	ESI
   355 000002D6 57                              	PUSH	EDI
   356 000002D7 6A 0F                           	PUSH	15
   357 000002D9 FF 75 0C                        	PUSH	DWORD [12+EBP]
   358 000002DC FF 75 08                        	PUSH	DWORD [8+EBP]
   359 000002DF E8 FFFFFE72                     	CALL	_boxfill8
   360 000002E4 FF 75 F0                        	PUSH	DWORD [-16+EBP]
   361 000002E7 57                              	PUSH	EDI
   362 000002E8 FF 75 EC                        	PUSH	DWORD [-20+EBP]
   363 000002EB 57                              	PUSH	EDI
   364 000002EC 6A 0F                           	PUSH	15
   365 000002EE FF 75 0C                        	PUSH	DWORD [12+EBP]
   366 000002F1 FF 75 08                        	PUSH	DWORD [8+EBP]
   367 000002F4 E8 FFFFFE5D                     	CALL	_boxfill8
   368 000002F9 83 C4 38                        	ADD	ESP,56
   369 000002FC FF 75 E8                        	PUSH	DWORD [-24+EBP]
   370 000002FF 53                              	PUSH	EBX
   371 00000300 FF 75 E8                        	PUSH	DWORD [-24+EBP]
   372 00000303 57                              	PUSH	EDI
   373 00000304 6A 07                           	PUSH	7
   374 00000306 FF 75 0C                        	PUSH	DWORD [12+EBP]
   375 00000309 FF 75 08                        	PUSH	DWORD [8+EBP]
   376 0000030C E8 FFFFFE45                     	CALL	_boxfill8
   377 00000311 8B 45 0C                        	MOV	EAX,DWORD [12+EBP]
   378 00000314 FF 75 E8                        	PUSH	DWORD [-24+EBP]
   379 00000317 83 E8 03                        	SUB	EAX,3
   380 0000031A 50                              	PUSH	EAX
   381 0000031B 56                              	PUSH	ESI
   382 0000031C 50                              	PUSH	EAX
   383 0000031D 6A 07                           	PUSH	7
   384 0000031F FF 75 0C                        	PUSH	DWORD [12+EBP]
   385 00000322 FF 75 08                        	PUSH	DWORD [8+EBP]
   386 00000325 E8 FFFFFE2C                     	CALL	_boxfill8
   387 0000032A 83 C4 38                        	ADD	ESP,56
   388 0000032D 68 [00000030]                   	PUSH	LC0
   389 00000332 6A 00                           	PUSH	0
   390 00000334 6A 01                           	PUSH	1
   391 00000336 6A 01                           	PUSH	1
   392 00000338 FF 75 0C                        	PUSH	DWORD [12+EBP]
   393 0000033B FF 75 08                        	PUSH	DWORD [8+EBP]
   394 0000033E E8 0000008E                     	CALL	_putfonts8_asc
   395 00000343 8D 65 F4                        	LEA	ESP,DWORD [-12+EBP]
   396 00000346 5B                              	POP	EBX
   397 00000347 5E                              	POP	ESI
   398 00000348 5F                              	POP	EDI
   399 00000349 5D                              	POP	EBP
   400 0000034A C3                              	RET
   401 0000034B                                 	GLOBAL	_putfont8
   402 0000034B                                 _putfont8:
   403 0000034B 55                              	PUSH	EBP
   404 0000034C 89 E5                           	MOV	EBP,ESP
   405 0000034E 57                              	PUSH	EDI
   406 0000034F 56                              	PUSH	ESI
   407 00000350 31 F6                           	XOR	ESI,ESI
   408 00000352 53                              	PUSH	EBX
   409 00000353 8B 7D 1C                        	MOV	EDI,DWORD [28+EBP]
   410 00000356 8A 5D 18                        	MOV	BL,BYTE [24+EBP]
   411 00000359                                 L60:
   412 00000359 8B 45 14                        	MOV	EAX,DWORD [20+EBP]
   413 0000035C 8B 55 10                        	MOV	EDX,DWORD [16+EBP]
   414 0000035F 01 F0                           	ADD	EAX,ESI
   415 00000361 0F AF 45 0C                     	IMUL	EAX,DWORD [12+EBP]
   416 00000365 03 45 08                        	ADD	EAX,DWORD [8+EBP]
   417 00000368 8D 0C 02                        	LEA	ECX,DWORD [EDX+EAX*1]
   418 0000036B 8A 14 3E                        	MOV	DL,BYTE [ESI+EDI*1]
   419 0000036E 84 D2                           	TEST	DL,DL
   420 00000370 79 02                           	JNS	L52
   421 00000372 88 19                           	MOV	BYTE [ECX],BL
   422 00000374                                 L52:
   423 00000374 88 D0                           	MOV	AL,DL
   424 00000376 83 E0 40                        	AND	EAX,64
   425 00000379 84 C0                           	TEST	AL,AL
   426 0000037B 74 03                           	JE	L53
   427 0000037D 88 59 01                        	MOV	BYTE [1+ECX],BL
   428 00000380                                 L53:
   429 00000380 88 D0                           	MOV	AL,DL
   430 00000382 83 E0 20                        	AND	EAX,32
   431 00000385 84 C0                           	TEST	AL,AL
   432 00000387 74 03                           	JE	L54
   433 00000389 88 59 02                        	MOV	BYTE [2+ECX],BL
   434 0000038C                                 L54:
   435 0000038C 88 D0                           	MOV	AL,DL
   436 0000038E 83 E0 10                        	AND	EAX,16
   437 00000391 84 C0                           	TEST	AL,AL
   438 00000393 74 03                           	JE	L55
   439 00000395 88 59 03                        	MOV	BYTE [3+ECX],BL
   440 00000398                                 L55:
   441 00000398 88 D0                           	MOV	AL,DL
   442 0000039A 83 E0 08                        	AND	EAX,8
   443 0000039D 84 C0                           	TEST	AL,AL
   444 0000039F 74 03                           	JE	L56
   445 000003A1 88 59 04                        	MOV	BYTE [4+ECX],BL
   446 000003A4                                 L56:
   447 000003A4 88 D0                           	MOV	AL,DL
   448 000003A6 83 E0 04                        	AND	EAX,4
   449 000003A9 84 C0                           	TEST	AL,AL
   450 000003AB 74 03                           	JE	L57
   451 000003AD 88 59 05                        	MOV	BYTE [5+ECX],BL
   452 000003B0                                 L57:
   453 000003B0 88 D0                           	MOV	AL,DL
   454 000003B2 83 E0 02                        	AND	EAX,2
   455 000003B5 84 C0                           	TEST	AL,AL
   456 000003B7 74 03                           	JE	L58
   457 000003B9 88 59 06                        	MOV	BYTE [6+ECX],BL
   458 000003BC                                 L58:
   459 000003BC 83 E2 01                        	AND	EDX,1
   460 000003BF 84 D2                           	TEST	DL,DL
   461 000003C1 74 03                           	JE	L50
   462 000003C3 88 59 07                        	MOV	BYTE [7+ECX],BL
   463 000003C6                                 L50:
   464 000003C6 46                              	INC	ESI
   465 000003C7 83 FE 0F                        	CMP	ESI,15
   466 000003CA 7E 8D                           	JLE	L60
   467 000003CC 5B                              	POP	EBX
   468 000003CD 5E                              	POP	ESI
   469 000003CE 5F                              	POP	EDI
   470 000003CF 5D                              	POP	EBP
   471 000003D0 C3                              	RET
   472 000003D1                                 	GLOBAL	_putfonts8_asc
   473 000003D1                                 _putfonts8_asc:
   474 000003D1 55                              	PUSH	EBP
   475 000003D2 89 E5                           	MOV	EBP,ESP
   476 000003D4 57                              	PUSH	EDI
   477 000003D5 56                              	PUSH	ESI
   478 000003D6 53                              	PUSH	EBX
   479 000003D7 83 EC 0C                        	SUB	ESP,12
   480 000003DA 8A 45 18                        	MOV	AL,BYTE [24+EBP]
   481 000003DD 8B 7D 1C                        	MOV	EDI,DWORD [28+EBP]
   482 000003E0 88 45 F3                        	MOV	BYTE [-13+EBP],AL
   483 000003E3 E8 [00000000]                   	CALL	_task_now
   484 000003E8 8B 15 00000FE8                  	MOV	EDX,DWORD [4072]
   485 000003EE 89 45 EC                        	MOV	DWORD [-20+EBP],EAX
   486 000003F1 89 55 E8                        	MOV	DWORD [-24+EBP],EDX
   487 000003F4 80 B8 00000128 00               	CMP	BYTE [296+EAX],0
   488 000003FB 75 09                           	JNE	L64
   489 000003FD 80 3F 00                        	CMP	BYTE [EDI],0
   490 00000400 0F 85 000001E2                  	JNE	L69
   491 00000406                                 L64:
   492 00000406 8B 45 EC                        	MOV	EAX,DWORD [-20+EBP]
   493 00000409 80 B8 00000128 01               	CMP	BYTE [296+EAX],1
   494 00000410 0F 84 000000CB                  	JE	L100
   495 00000416                                 L70:
   496 00000416 8B 45 EC                        	MOV	EAX,DWORD [-20+EBP]
   497 00000419 80 B8 00000128 02               	CMP	BYTE [296+EAX],2
   498 00000420 74 08                           	JE	L101
   499 00000422                                 L63:
   500 00000422 8D 65 F4                        	LEA	ESP,DWORD [-12+EBP]
   501 00000425 5B                              	POP	EBX
   502 00000426 5E                              	POP	ESI
   503 00000427 5F                              	POP	EDI
   504 00000428 5D                              	POP	EBP
   505 00000429 C3                              	RET
   506 0000042A                                 L101:
   507 0000042A 80 3F 00                        	CMP	BYTE [EDI],0
   508 0000042D 74 F3                           	JE	L63
   509 0000042F                                 L96:
   510 0000042F 8B 55 EC                        	MOV	EDX,DWORD [-20+EBP]
   511 00000432 8A 82 00000129                  	MOV	AL,BYTE [297+EDX]
   512 00000438 84 C0                           	TEST	AL,AL
   513 0000043A 75 43                           	JNE	L92
   514 0000043C 8A 17                           	MOV	DL,BYTE [EDI]
   515 0000043E 8D 42 7F                        	LEA	EAX,DWORD [127+EDX]
   516 00000441 3C 7D                           	CMP	AL,125
   517 00000443 77 15                           	JA	L93
   518 00000445 8B 45 EC                        	MOV	EAX,DWORD [-20+EBP]
   519 00000448 88 90 00000129                  	MOV	BYTE [297+EAX],DL
   520 0000044E                                 L95:
   521 0000044E 83 45 10 08                     	ADD	DWORD [16+EBP],8
   522 00000452 47                              	INC	EDI
   523 00000453 80 3F 00                        	CMP	BYTE [EDI],0
   524 00000456 75 D7                           	JNE	L96
   525 00000458 EB C8                           	JMP	L63
   526 0000045A                                 L93:
   527 0000045A 0F B6 C2                        	MOVZX	EAX,DL
   528 0000045D C1 E0 04                        	SAL	EAX,4
   529 00000460 03 45 E8                        	ADD	EAX,DWORD [-24+EBP]
   530 00000463 50                              	PUSH	EAX
   531 00000464 0F BE 45 F3                     	MOVSX	EAX,BYTE [-13+EBP]
   532 00000468 50                              	PUSH	EAX
   533 00000469 FF 75 14                        	PUSH	DWORD [20+EBP]
   534 0000046C FF 75 10                        	PUSH	DWORD [16+EBP]
   535 0000046F FF 75 0C                        	PUSH	DWORD [12+EBP]
   536 00000472 FF 75 08                        	PUSH	DWORD [8+EBP]
   537 00000475 E8 FFFFFED1                     	CALL	_putfont8
   538 0000047A 83 C4 18                        	ADD	ESP,24
   539 0000047D EB CF                           	JMP	L95
   540 0000047F                                 L92:
   541 0000047F 0F B6 D8                        	MOVZX	EBX,AL
   542 00000482 6B DB 5E                        	IMUL	EBX,EBX,94
   543 00000485 0F B6 07                        	MOVZX	EAX,BYTE [EDI]
   544 00000488 8B 55 EC                        	MOV	EDX,DWORD [-20+EBP]
   545 0000048B 8D 9C 18 FFFFC441               	LEA	EBX,DWORD [-15295+EAX+EBX*1]
   546 00000492 C6 82 00000129 00               	MOV	BYTE [297+EDX],0
   547 00000499 C1 E3 05                        	SAL	EBX,5
   548 0000049C 03 5D E8                        	ADD	EBX,DWORD [-24+EBP]
   549 0000049F 0F BE 75 F3                     	MOVSX	ESI,BYTE [-13+EBP]
   550 000004A3 8D 83 00001000                  	LEA	EAX,DWORD [4096+EBX]
   551 000004A9 81 C3 00001010                  	ADD	EBX,4112
   552 000004AF 50                              	PUSH	EAX
   553 000004B0 8B 45 10                        	MOV	EAX,DWORD [16+EBP]
   554 000004B3 56                              	PUSH	ESI
   555 000004B4 83 E8 08                        	SUB	EAX,8
   556 000004B7 FF 75 14                        	PUSH	DWORD [20+EBP]
   557 000004BA 50                              	PUSH	EAX
   558 000004BB FF 75 0C                        	PUSH	DWORD [12+EBP]
   559 000004BE FF 75 08                        	PUSH	DWORD [8+EBP]
   560 000004C1 E8 FFFFFE85                     	CALL	_putfont8
   561 000004C6 53                              	PUSH	EBX
   562 000004C7 56                              	PUSH	ESI
   563 000004C8 FF 75 14                        	PUSH	DWORD [20+EBP]
   564 000004CB FF 75 10                        	PUSH	DWORD [16+EBP]
   565 000004CE FF 75 0C                        	PUSH	DWORD [12+EBP]
   566 000004D1 FF 75 08                        	PUSH	DWORD [8+EBP]
   567 000004D4 E8 FFFFFE72                     	CALL	_putfont8
   568 000004D9 83 C4 30                        	ADD	ESP,48
   569 000004DC E9 FFFFFF6D                     	JMP	L95
   570 000004E1                                 L100:
   571 000004E1 80 3F 00                        	CMP	BYTE [EDI],0
   572 000004E4 0F 84 FFFFFF2C                  	JE	L70
   573 000004EA                                 L86:
   574 000004EA 8B 45 EC                        	MOV	EAX,DWORD [-20+EBP]
   575 000004ED 8A 90 00000129                  	MOV	DL,BYTE [297+EAX]
   576 000004F3 84 D2                           	TEST	DL,DL
   577 000004F5 75 4D                           	JNE	L75
   578 000004F7 8A 17                           	MOV	DL,BYTE [EDI]
   579 000004F9 8D 42 7F                        	LEA	EAX,DWORD [127+EDX]
   580 000004FC 3C 1E                           	CMP	AL,30
   581 000004FE 76 07                           	JBE	L77
   582 00000500 8D 42 20                        	LEA	EAX,DWORD [32+EDX]
   583 00000503 3C 1C                           	CMP	AL,28
   584 00000505 77 18                           	JA	L76
   585 00000507                                 L77:
   586 00000507 8B 45 EC                        	MOV	EAX,DWORD [-20+EBP]
   587 0000050A 88 90 00000129                  	MOV	BYTE [297+EAX],DL
   588 00000510                                 L79:
   589 00000510 83 45 10 08                     	ADD	DWORD [16+EBP],8
   590 00000514 47                              	INC	EDI
   591 00000515 80 3F 00                        	CMP	BYTE [EDI],0
   592 00000518 75 D0                           	JNE	L86
   593 0000051A E9 FFFFFEF7                     	JMP	L70
   594 0000051F                                 L76:
   595 0000051F 0F B6 C2                        	MOVZX	EAX,DL
   596 00000522 C1 E0 04                        	SAL	EAX,4
   597 00000525 03 45 E8                        	ADD	EAX,DWORD [-24+EBP]
   598 00000528 50                              	PUSH	EAX
   599 00000529 0F BE 45 F3                     	MOVSX	EAX,BYTE [-13+EBP]
   600 0000052D 50                              	PUSH	EAX
   601 0000052E FF 75 14                        	PUSH	DWORD [20+EBP]
   602 00000531 FF 75 10                        	PUSH	DWORD [16+EBP]
   603 00000534 FF 75 0C                        	PUSH	DWORD [12+EBP]
   604 00000537 FF 75 08                        	PUSH	DWORD [8+EBP]
   605 0000053A E8 FFFFFE0C                     	CALL	_putfont8
   606 0000053F 83 C4 18                        	ADD	ESP,24
   607 00000542 EB CC                           	JMP	L79
   608 00000544                                 L75:
   609 00000544 8D 42 7F                        	LEA	EAX,DWORD [127+EDX]
   610 00000547 3C 1E                           	CMP	AL,30
   611 00000549 0F 87 0000008A                  	JA	L80
   612 0000054F 0F B6 C2                        	MOVZX	EAX,DL
   613 00000552 8D 8C 00 FFFFFEFE               	LEA	ECX,DWORD [-258+EAX+EAX*1]
   614 00000559                                 L81:
   615 00000559 8A 17                           	MOV	DL,BYTE [EDI]
   616 0000055B 8D 42 C0                        	LEA	EAX,DWORD [-64+EDX]
   617 0000055E 3C 3E                           	CMP	AL,62
   618 00000560 77 5D                           	JA	L82
   619 00000562 0F B6 C2                        	MOVZX	EAX,DL
   620 00000565 83 E8 40                        	SUB	EAX,64
   621 00000568                                 L83:
   622 00000568 6B D9 5E                        	IMUL	EBX,ECX,94
   623 0000056B 8B 55 EC                        	MOV	EDX,DWORD [-20+EBP]
   624 0000056E 01 C3                           	ADD	EBX,EAX
   625 00000570 C1 E3 05                        	SAL	EBX,5
   626 00000573 C6 82 00000129 00               	MOV	BYTE [297+EDX],0
   627 0000057A 03 5D E8                        	ADD	EBX,DWORD [-24+EBP]
   628 0000057D 0F BE 75 F3                     	MOVSX	ESI,BYTE [-13+EBP]
   629 00000581 8D 83 00001000                  	LEA	EAX,DWORD [4096+EBX]
   630 00000587 81 C3 00001010                  	ADD	EBX,4112
   631 0000058D 50                              	PUSH	EAX
   632 0000058E 8B 45 10                        	MOV	EAX,DWORD [16+EBP]
   633 00000591 56                              	PUSH	ESI
   634 00000592 83 E8 08                        	SUB	EAX,8
   635 00000595 FF 75 14                        	PUSH	DWORD [20+EBP]
   636 00000598 50                              	PUSH	EAX
   637 00000599 FF 75 0C                        	PUSH	DWORD [12+EBP]
   638 0000059C FF 75 08                        	PUSH	DWORD [8+EBP]
   639 0000059F E8 FFFFFDA7                     	CALL	_putfont8
   640 000005A4 53                              	PUSH	EBX
   641 000005A5 56                              	PUSH	ESI
   642 000005A6 FF 75 14                        	PUSH	DWORD [20+EBP]
   643 000005A9 FF 75 10                        	PUSH	DWORD [16+EBP]
   644 000005AC FF 75 0C                        	PUSH	DWORD [12+EBP]
   645 000005AF FF 75 08                        	PUSH	DWORD [8+EBP]
   646 000005B2 E8 FFFFFD94                     	CALL	_putfont8
   647 000005B7 83 C4 30                        	ADD	ESP,48
   648 000005BA E9 FFFFFF51                     	JMP	L79
   649 000005BF                                 L82:
   650 000005BF 8D 42 80                        	LEA	EAX,DWORD [-128+EDX]
   651 000005C2 3C 1E                           	CMP	AL,30
   652 000005C4 77 08                           	JA	L84
   653 000005C6 0F B6 C2                        	MOVZX	EAX,DL
   654 000005C9 83 E8 41                        	SUB	EAX,65
   655 000005CC EB 9A                           	JMP	L83
   656 000005CE                                 L84:
   657 000005CE 0F B6 C2                        	MOVZX	EAX,DL
   658 000005D1 2D 0000009F                     	SUB	EAX,159
   659 000005D6 41                              	INC	ECX
   660 000005D7 EB 8F                           	JMP	L83
   661 000005D9                                 L80:
   662 000005D9 0F B6 C2                        	MOVZX	EAX,DL
   663 000005DC 8D 8C 00 FFFFFE7E               	LEA	ECX,DWORD [-386+EAX+EAX*1]
   664 000005E3 E9 FFFFFF71                     	JMP	L81
   665 000005E8                                 L69:
   666 000005E8 0F B6 07                        	MOVZX	EAX,BYTE [EDI]
   667 000005EB C1 E0 04                        	SAL	EAX,4
   668 000005EE 47                              	INC	EDI
   669 000005EF 05 [00000000]                   	ADD	EAX,_hankaku
   670 000005F4 50                              	PUSH	EAX
   671 000005F5 0F BE 45 F3                     	MOVSX	EAX,BYTE [-13+EBP]
   672 000005F9 50                              	PUSH	EAX
   673 000005FA FF 75 14                        	PUSH	DWORD [20+EBP]
   674 000005FD FF 75 10                        	PUSH	DWORD [16+EBP]
   675 00000600 FF 75 0C                        	PUSH	DWORD [12+EBP]
   676 00000603 FF 75 08                        	PUSH	DWORD [8+EBP]
   677 00000606 E8 FFFFFD40                     	CALL	_putfont8
   678 0000060B 83 C4 18                        	ADD	ESP,24
   679 0000060E 83 45 10 08                     	ADD	DWORD [16+EBP],8
   680 00000612 80 3F 00                        	CMP	BYTE [EDI],0
   681 00000615 75 D1                           	JNE	L69
   682 00000617 E9 FFFFFDEA                     	JMP	L64
   683                                          [SECTION .data]
   684 0000003D                                 _cursor.1:
   685 0000003D 2A 2A 2A 2A 2A 2A 2A 2A 2A 2A   	DB	"**************.."
       00000047 2A 2A 2A 2A 2E 2E 
   686 0000004D 2A 4F 4F 4F 4F 4F 4F 4F 4F 4F   	DB	"*OOOOOOOOOOO*..."
       00000057 4F 4F 2A 2E 2E 2E 
   687 0000005D 2A 4F 4F 4F 4F 4F 4F 4F 4F 4F   	DB	"*OOOOOOOOOO*...."
       00000067 4F 2A 2E 2E 2E 2E 
   688 0000006D 2A 4F 4F 4F 4F 4F 4F 4F 4F 4F   	DB	"*OOOOOOOOO*....."
       00000077 2A 2E 2E 2E 2E 2E 
   689 0000007D 2A 4F 4F 4F 4F 4F 4F 4F 4F 2A   	DB	"*OOOOOOOO*......"
       00000087 2E 2E 2E 2E 2E 2E 
   690 0000008D 2A 4F 4F 4F 4F 4F 4F 4F 2A 2E   	DB	"*OOOOOOO*......."
       00000097 2E 2E 2E 2E 2E 2E 
   691 0000009D 2A 4F 4F 4F 4F 4F 4F 4F 2A 2E   	DB	"*OOOOOOO*......."
       000000A7 2E 2E 2E 2E 2E 2E 
   692 000000AD 2A 4F 4F 4F 4F 4F 4F 4F 4F 2A   	DB	"*OOOOOOOO*......"
       000000B7 2E 2E 2E 2E 2E 2E 
   693 000000BD 2A 4F 4F 4F 4F 2A 2A 4F 4F 4F   	DB	"*OOOO**OOO*....."
       000000C7 2A 2E 2E 2E 2E 2E 
   694 000000CD 2A 4F 4F 4F 2A 2E 2E 2A 4F 4F   	DB	"*OOO*..*OOO*...."
       000000D7 4F 2A 2E 2E 2E 2E 
   695 000000DD 2A 4F 4F 2A 2E 2E 2E 2E 2A 4F   	DB	"*OO*....*OOO*..."
       000000E7 4F 4F 2A 2E 2E 2E 
   696 000000ED 2A 4F 2A 2E 2E 2E 2E 2E 2E 2A   	DB	"*O*......*OOO*.."
       000000F7 4F 4F 4F 2A 2E 2E 
   697 000000FD 2A 2A 2E 2E 2E 2E 2E 2E 2E 2E   	DB	"**........*OOO*."
       00000107 2A 4F 4F 4F 2A 2E 
   698 0000010D 2A 2E 2E 2E 2E 2E 2E 2E 2E 2E   	DB	"*..........*OOO*"
       00000117 2E 2A 4F 4F 4F 2A 
   699 0000011D 2E 2E 2E 2E 2E 2E 2E 2E 2E 2E   	DB	"............*OO*"
       00000127 2E 2E 2A 4F 4F 2A 
   700 0000012D 2E 2E 2E 2E 2E 2E 2E 2E 2E 2E   	DB	".............***"
       00000137 2E 2E 2E 2A 2A 2A 
   701                                          [SECTION .text]
   702 0000061C                                 	GLOBAL	_init_mouse_cursor8
   703 0000061C                                 _init_mouse_cursor8:
   704 0000061C 55                              	PUSH	EBP
   705 0000061D 89 E5                           	MOV	EBP,ESP
   706 0000061F 57                              	PUSH	EDI
   707 00000620 56                              	PUSH	ESI
   708 00000621 31 FF                           	XOR	EDI,EDI
   709 00000623 53                              	PUSH	EBX
   710 00000624 31 DB                           	XOR	EBX,EBX
   711 00000626 50                              	PUSH	EAX
   712 00000627 8A 45 0C                        	MOV	AL,BYTE [12+EBP]
   713 0000062A 8B 75 08                        	MOV	ESI,DWORD [8+EBP]
   714 0000062D 88 45 F3                        	MOV	BYTE [-13+EBP],AL
   715 00000630                                 L115:
   716 00000630 31 D2                           	XOR	EDX,EDX
   717 00000632                                 L114:
   718 00000632 8D 04 3A                        	LEA	EAX,DWORD [EDX+EDI*1]
   719 00000635 80 B8 [0000003D] 2A             	CMP	BYTE [_cursor.1+EAX],42
   720 0000063C 74 35                           	JE	L120
   721 0000063E                                 L111:
   722 0000063E 80 B8 [0000003D] 4F             	CMP	BYTE [_cursor.1+EAX],79
   723 00000645 74 26                           	JE	L121
   724 00000647                                 L112:
   725 00000647 80 B8 [0000003D] 2E             	CMP	BYTE [_cursor.1+EAX],46
   726 0000064E 74 15                           	JE	L122
   727 00000650                                 L109:
   728 00000650 42                              	INC	EDX
   729 00000651 83 FA 0F                        	CMP	EDX,15
   730 00000654 7E DC                           	JLE	L114
   731 00000656 43                              	INC	EBX
   732 00000657 83 C7 10                        	ADD	EDI,16
   733 0000065A 83 FB 0F                        	CMP	EBX,15
   734 0000065D 7E D1                           	JLE	L115
   735 0000065F 58                              	POP	EAX
   736 00000660 5B                              	POP	EBX
   737 00000661 5E                              	POP	ESI
   738 00000662 5F                              	POP	EDI
   739 00000663 5D                              	POP	EBP
   740 00000664 C3                              	RET
   741 00000665                                 L122:
   742 00000665 8A 4D F3                        	MOV	CL,BYTE [-13+EBP]
   743 00000668 88 0C 30                        	MOV	BYTE [EAX+ESI*1],CL
   744 0000066B EB E3                           	JMP	L109
   745 0000066D                                 L121:
   746 0000066D C6 04 30 07                     	MOV	BYTE [EAX+ESI*1],7
   747 00000671 EB D4                           	JMP	L112
   748 00000673                                 L120:
   749 00000673 C6 04 30 00                     	MOV	BYTE [EAX+ESI*1],0
   750 00000677 EB C5                           	JMP	L111
   751 00000679                                 	GLOBAL	_putblock8_8
   752 00000679                                 _putblock8_8:
   753 00000679 55                              	PUSH	EBP
   754 0000067A 89 E5                           	MOV	EBP,ESP
   755 0000067C 57                              	PUSH	EDI
   756 0000067D 56                              	PUSH	ESI
   757 0000067E 31 F6                           	XOR	ESI,ESI
   758 00000680 53                              	PUSH	EBX
   759 00000681 83 EC 0C                        	SUB	ESP,12
   760 00000684 3B 75 14                        	CMP	ESI,DWORD [20+EBP]
   761 00000687 7D 3E                           	JGE	L135
   762 00000689 31 FF                           	XOR	EDI,EDI
   763 0000068B                                 L133:
   764 0000068B 31 DB                           	XOR	EBX,EBX
   765 0000068D 3B 5D 10                        	CMP	EBX,DWORD [16+EBP]
   766 00000690 7D 2C                           	JGE	L137
   767 00000692 8B 45 20                        	MOV	EAX,DWORD [32+EBP]
   768 00000695 01 F8                           	ADD	EAX,EDI
   769 00000697 89 45 EC                        	MOV	DWORD [-20+EBP],EAX
   770 0000069A                                 L132:
   771 0000069A 8B 45 1C                        	MOV	EAX,DWORD [28+EBP]
   772 0000069D 8B 55 18                        	MOV	EDX,DWORD [24+EBP]
   773 000006A0 01 F0                           	ADD	EAX,ESI
   774 000006A2 01 DA                           	ADD	EDX,EBX
   775 000006A4 0F AF 45 0C                     	IMUL	EAX,DWORD [12+EBP]
   776 000006A8 01 D0                           	ADD	EAX,EDX
   777 000006AA 8B 4D 08                        	MOV	ECX,DWORD [8+EBP]
   778 000006AD 8B 55 EC                        	MOV	EDX,DWORD [-20+EBP]
   779 000006B0 43                              	INC	EBX
   780 000006B1 8A 12                           	MOV	DL,BYTE [EDX]
   781 000006B3 88 14 08                        	MOV	BYTE [EAX+ECX*1],DL
   782 000006B6 FF 45 EC                        	INC	DWORD [-20+EBP]
   783 000006B9 3B 5D 10                        	CMP	EBX,DWORD [16+EBP]
   784 000006BC 7C DC                           	JL	L132
   785 000006BE                                 L137:
   786 000006BE 46                              	INC	ESI
   787 000006BF 03 7D 24                        	ADD	EDI,DWORD [36+EBP]
   788 000006C2 3B 75 14                        	CMP	ESI,DWORD [20+EBP]
   789 000006C5 7C C4                           	JL	L133
   790 000006C7                                 L135:
   791 000006C7 83 C4 0C                        	ADD	ESP,12
   792 000006CA 5B                              	POP	EBX
   793 000006CB 5E                              	POP	ESI
   794 000006CC 5F                              	POP	EDI
   795 000006CD 5D                              	POP	EBP
   796 000006CE C3                              	RET
